2026-07-05 15:46:35,672 - __main__ - INFO - SELF-TEST morse-sos          PASS
2026-07-05 15:46:35,672 - __main__ - INFO - SELF-TEST african-count      PASS
2026-07-05 15:46:35,672 - __main__ - INFO - SELF-TEST master-count       PASS
2026-07-05 15:46:35,672 - __main__ - INFO - SELF-TEST layout-count       PASS
2026-07-05 15:46:35,672 - __main__ - INFO - SELF-TEST terrain-count      PASS
2026-07-05 15:46:35,672 - __main__ - INFO - SELF-TEST glide-target       PASS
2026-07-05 15:46:35,672 - __main__ - INFO - SELF-TEST lda-parser-init    PASS
2026-07-05 15:46:35,672 - __main__ - INFO - SELF-TEST sim-engine-init    PASS
2026-07-05 15:46:35,672 - __main__ - INFO - SELF-TEST asracs-init        PASS
2026-07-05 15:46:35,672 - __main__ - INFO - SELF-TEST record-init        PASS
2026-07-05 15:46:35,672 - __main__ - INFO - SELF-TEST morse-numbers      PASS
2026-07-05 15:46:35,672 - __main__ - INFO - SELF-TEST saaf-fields        PASS
2026-07-05 15:46:35,673 - __main__ - INFO - SELF-TEST africa-fields      PASS
2026-07-05 15:46:35,673 - __main__ - INFO - SELF-TEST layout-fields      PASS
2026-07-05 15:46:35,673 - __main__ - INFO - SELF-TEST terrain-samples    PASS
2026-07-05 15:46:35,673 - __main__ - INFO - SELF-TEST parser-parse       PASS
2026-07-05 15:46:35,673 - __main__ - INFO - SELF-TEST sim-sentence       PASS
2026-07-05 15:48:37,536 - __main__ - INFO - SELF-TEST morse-sos          PASS
2026-07-05 15:48:37,536 - __main__ - INFO - SELF-TEST african-count      PASS
2026-07-05 15:48:37,536 - __main__ - INFO - SELF-TEST master-count       PASS
2026-07-05 15:48:37,536 - __main__ - INFO - SELF-TEST layout-count       PASS
2026-07-05 15:48:37,536 - __main__ - INFO - SELF-TEST terrain-count      PASS
2026-07-05 15:48:37,536 - __main__ - INFO - SELF-TEST glide-target       PASS
2026-07-05 15:48:37,536 - __main__ - INFO - SELF-TEST lda-parser-init    PASS
2026-07-05 15:48:37,537 - __main__ - INFO - SELF-TEST sim-engine-init    PASS
2026-07-05 15:48:37,537 - __main__ - INFO - SELF-TEST asracs-init        PASS
2026-07-05 15:48:37,537 - __main__ - INFO - SELF-TEST record-init        PASS
2026-07-05 15:48:37,537 - __main__ - INFO - SELF-TEST morse-numbers      PASS
2026-07-05 15:48:37,537 - __main__ - INFO - SELF-TEST saaf-fields        PASS
2026-07-05 15:48:37,537 - __main__ - INFO - SELF-TEST africa-fields      PASS
2026-07-05 15:48:37,537 - __main__ - INFO - SELF-TEST layout-fields      PASS
2026-07-05 15:48:37,537 - __main__ - INFO - SELF-TEST terrain-samples    PASS
2026-07-05 15:48:37,537 - __main__ - INFO - SELF-TEST parser-parse       PASS
2026-07-05 15:48:37,537 - __main__ - INFO - SELF-TEST sim-sentence       PASS
2026-07-05 15:51:54,316 - __main__ - INFO - SELF-TEST morse-sos          PASS
2026-07-05 15:51:54,316 - __main__ - INFO - SELF-TEST african-count      PASS
2026-07-05 15:51:54,316 - __main__ - INFO - SELF-TEST master-count       PASS
2026-07-05 15:51:54,316 - __main__ - INFO - SELF-TEST layout-count       PASS
2026-07-05 15:51:54,316 - __main__ - INFO - SELF-TEST terrain-count      PASS
2026-07-05 15:51:54,316 - __main__ - INFO - SELF-TEST glide-target       PASS
2026-07-05 15:51:54,316 - __main__ - INFO - SELF-TEST lda-parser-init    PASS
2026-07-05 15:51:54,316 - __main__ - INFO - SELF-TEST vorsim-init        PASS
2026-07-05 15:51:54,316 - __main__ - INFO - SELF-TEST asracs-init        PASS
2026-07-05 15:51:54,316 - __main__ - INFO - SELF-TEST record-init        PASS
2026-07-05 15:51:54,316 - __main__ - INFO - SELF-TEST surface-slope-init PASS
2026-07-05 15:51:54,316 - __main__ - INFO - SELF-TEST aircraft-sim-init  PASS
2026-07-05 15:51:54,316 - __main__ - INFO - SELF-TEST morse-numbers      PASS
2026-07-05 15:51:54,316 - __main__ - INFO - SELF-TEST saaf-fields        PASS
2026-07-05 15:51:54,316 - __main__ - INFO - SELF-TEST default-saaf-count PASS
2026-07-05 15:51:54,316 - __main__ - INFO - SELF-TEST saaf-squadrons     PASS
2026-07-05 15:51:54,316 - __main__ - INFO - SELF-TEST africa-fields      PASS
2026-07-05 15:51:54,316 - __main__ - INFO - SELF-TEST layout-fields      PASS
2026-07-05 15:51:54,317 - __main__ - INFO - SELF-TEST terrain-samples    PASS
2026-07-05 15:51:54,317 - __main__ - INFO - SELF-TEST parser-parse       PASS
2026-07-05 15:51:54,317 - __main__ - INFO - SELF-TEST sim-sentence       PASS
